Microsoft Windows [Version 10.0.26100.4351]
(c) Microsoft Corporation. All rights reserved.

C:\Users\nvpke>d:

D:\>cd 0Intern\IBM\Django\Project

D:\0Intern\IBM\Django\Project>git clone https://github.com/ibm-developer-skills-network/tfjzl-final-cloud-app-with-database.git
Cloning into 'tfjzl-final-cloud-app-with-database'...
remote: Enumerating objects: 188, done.
remote: Counting objects: 100% (28/28), done.
remote: Compressing objects: 100% (24/24), done.
remote: Total 188 (delta 7), reused 4 (delta 4), pack-reused 160 (from 1)
Receiving objects: 100% (188/188), 991.87 KiB | 1.48 MiB/s, done.
Resolving deltas: 100% (46/46), done.

D:\0Intern\IBM\Django\Project>cd tfjzl-final-cloud-app-with-database

D:\0Intern\IBM\Django\Project\tfjzl-final-cloud-app-with-database>dir
 Volume in drive D is NEW VOLUME
 Volume Serial Number is E858-F563

 Directory of D:\0Intern\IBM\Django\Project\tfjzl-final-cloud-app-with-database

17-06-2025  09:20    <DIR>          .
17-06-2025  09:20    <DIR>          ..
17-06-2025  09:20             1,928 .gitignore
17-06-2025  09:20            11,559 LICENSE
17-06-2025  09:20               650 manage.py
17-06-2025  09:20               264 manifest.yml
17-06-2025  09:20    <DIR>          myproject
17-06-2025  09:20    <DIR>          onlinecourse
17-06-2025  09:20                28 Procfile
17-06-2025  09:20             1,047 README.md
17-06-2025  09:20               162 requirements.txt
17-06-2025  09:20                15 runtime.txt
17-06-2025  09:20    <DIR>          static
               8 File(s)         15,653 bytes
               5 Dir(s)  87,211,757,568 bytes free

D:\0Intern\IBM\Django\Project\tfjzl-final-cloud-app-with-database>pip install --upgrade distro-info
Defaulting to user installation because normal site-packages is not writeable
Requirement already satisfied: distro-info in c:\users\nvpke\appdata\roaming\python\python313\site-packages (1.0)

D:\0Intern\IBM\Django\Project\tfjzl-final-cloud-app-with-database>pip3 install --upgrade pip==23.2.1
Defaulting to user installation because normal site-packages is not writeable
Collecting pip==23.2.1
  Using cached pip-23.2.1-py3-none-any.whl.metadata (4.2 kB)
Using cached pip-23.2.1-py3-none-any.whl (2.1 MB)
ERROR: To modify pip, please run the following command:
C:\Python313\python.exe -m pip install --upgrade pip==23.2.1

D:\0Intern\IBM\Django\Project\tfjzl-final-cloud-app-with-database>pip install virtualenv
Defaulting to user installation because normal site-packages is not writeable
Requirement already satisfied: virtualenv in c:\users\nvpke\appdata\roaming\python\python313\site-packages (20.31.2)
Requirement already satisfied: distlib<1,>=0.3.7 in c:\users\nvpke\appdata\roaming\python\python313\site-packages (from virtualenv) (0.3.9)
Requirement already satisfied: filelock<4,>=3.12.2 in c:\users\nvpke\appdata\roaming\python\python313\site-packages (from virtualenv) (3.18.0)
Requirement already satisfied: platformdirs<5,>=3.9.1 in c:\users\nvpke\appdata\roaming\python\python313\site-packages (from virtualenv) (4.3.8)

D:\0Intern\IBM\Django\Project\tfjzl-final-cloud-app-with-database>virtualenv djangoenv
'virtualenv' is not recognized as an internal or external command,
operable program or batch file.

D:\0Intern\IBM\Django\Project\tfjzl-final-cloud-app-with-database>where python
C:\Python313\python.exe
C:\Users\nvpke\AppData\Local\Microsoft\WindowsApps\python.exe

D:\0Intern\IBM\Django\Project\tfjzl-final-cloud-app-with-database>C:\Users\nvpke\AppData\Local\Microsoft\WindowsApps\python.exe -m pip install --upgrade distro-info
Defaulting to user installation because normal site-packages is not writeable
Requirement already satisfied: distro-info in c:\users\nvpke\appdata\local\packages\pythonsoftwarefoundation.python.3.13_qbz5n2kfra8p0\localcache\local-packages\python313\site-packages (1.0)
WARNING: There was an error checking the latest version of pip.

D:\0Intern\IBM\Django\Project\tfjzl-final-cloud-app-with-database>C:\Users\nvpke\AppData\Local\Microsoft\WindowsApps\python.exe -m pip3 install --upgrade pip==23.2.1
C:\Users\nvpke\AppData\Local\Microsoft\WindowsApps\PythonSoftwareFoundation.Python.3.13_qbz5n2kfra8p0\python.exe: No module named pip3

D:\0Intern\IBM\Django\Project\tfjzl-final-cloud-app-with-database>C:\Users\nvpke\AppData\Local\Microsoft\WindowsApps\python.exe -m pip install virtualenv
Defaulting to user installation because normal site-packages is not writeable
Requirement already satisfied: virtualenv in c:\users\nvpke\appdata\local\packages\pythonsoftwarefoundation.python.3.13_qbz5n2kfra8p0\localcache\local-packages\python313\site-packages (20.31.2)
Requirement already satisfied: distlib<1,>=0.3.7 in c:\users\nvpke\appdata\local\packages\pythonsoftwarefoundation.python.3.13_qbz5n2kfra8p0\localcache\local-packages\python313\site-packages (from virtualenv) (0.3.9)
Requirement already satisfied: filelock<4,>=3.12.2 in c:\users\nvpke\appdata\local\packages\pythonsoftwarefoundation.python.3.13_qbz5n2kfra8p0\localcache\local-packages\python313\site-packages (from virtualenv) (3.18.0)
Requirement already satisfied: platformdirs<5,>=3.9.1 in c:\users\nvpke\appdata\local\packages\pythonsoftwarefoundation.python.3.13_qbz5n2kfra8p0\localcache\local-packages\python313\site-packages (from virtualenv) (4.3.8)
WARNING: There was an error checking the latest version of pip.

D:\0Intern\IBM\Django\Project\tfjzl-final-cloud-app-with-database>C:\Users\nvpke\AppData\Local\Microsoft\WindowsApps\python.exe -m virtualenv djangoenv
created virtual environment CPython3.13.3.final.0-64 in 424ms
  creator Venv(dest=D:\0Intern\IBM\Django\Project\tfjzl-final-cloud-app-with-database\djangoenv, clear=False, no_vcs_ignore=False, global=False, describe=CPython3Windows)
  seeder FromAppData(download=False, pip=bundle, via=copy, app_data_dir=C:\Users\nvpke\AppData\Local\Packages\PythonSoftwareFoundation.Python.3.13_qbz5n2kfra8p0\LocalCache\Local\pypa\virtualenv)
    added seed packages: pip==25.1.1
  activators BashActivator,BatchActivator,FishActivator,NushellActivator,PowerShellActivator,PythonActivator

D:\0Intern\IBM\Django\Project\tfjzl-final-cloud-app-with-database>C:\Users\nvpke\AppData\Local\Microsoft\WindowsApps\python.exe -m source djangoenv/bin/activate
C:\Users\nvpke\AppData\Local\Microsoft\WindowsApps\PythonSoftwareFoundation.Python.3.13_qbz5n2kfra8p0\python.exe: No module named source

D:\0Intern\IBM\Django\Project\tfjzl-final-cloud-app-with-database>C:\Users\nvpke\AppData\Local\Microsoft\WindowsApps\python.exe -m djangoenv/bin/activate
C:\Users\nvpke\AppData\Local\Microsoft\WindowsApps\PythonSoftwareFoundation.Python.3.13_qbz5n2kfra8p0\python.exe: No module named djangoenv/bin/activate

D:\0Intern\IBM\Django\Project\tfjzl-final-cloud-app-with-database>djangoenv\Scripts\activate

(djangoenv) D:\0Intern\IBM\Django\Project\tfjzl-final-cloud-app-with-database>C:\Users\nvpke\AppData\Local\Microsoft\WindowsApps\python.exe -m pip install -U -r requirements.txt
Defaulting to user installation because normal site-packages is not writeable
Collecting Django==4.2.3 (from -r requirements.txt (line 1))
  Obtaining dependency information for Django==4.2.3 from https://files.pythonhosted.org/packages/d4/83/227ebf197e413f3599cea96dddc7d6b8ff220310cc5b40dd0f1a15e5a9d1/Django-4.2.3-py3-none-any.whl.metadata
  Downloading Django-4.2.3-py3-none-any.whl.metadata (4.1 kB)
Collecting Pillow==10.0.0 (from -r requirements.txt (line 2))
  Downloading Pillow-10.0.0.tar.gz (50.5 MB)
     ━━━━━━━━━━━━━━━━━━━━━━━━━━━━━━━━━━━━━━━━ 50.5/50.5 MB 2.4 MB/s eta 0:00:00
  Installing build dependencies ... done
  Getting requirements to build wheel ... error
  error: subprocess-exited-with-error

  × Getting requirements to build wheel did not run successfully.
  │ exit code: 1
  ╰─> [21 lines of output]
      Traceback (most recent call last):
        File "C:\Users\nvpke\AppData\Local\Packages\PythonSoftwareFoundation.Python.3.13_qbz5n2kfra8p0\LocalCache\local-packages\Python313\site-packages\pip\_vendor\pyproject_hooks\_in_process\_in_process.py", line 353, in <module>
          main()
          ~~~~^^
        File "C:\Users\nvpke\AppData\Local\Packages\PythonSoftwareFoundation.Python.3.13_qbz5n2kfra8p0\LocalCache\local-packages\Python313\site-packages\pip\_vendor\pyproject_hooks\_in_process\_in_process.py", line 335, in main
          json_out['return_val'] = hook(**hook_input['kwargs'])
                                   ~~~~^^^^^^^^^^^^^^^^^^^^^^^^
        File "C:\Users\nvpke\AppData\Local\Packages\PythonSoftwareFoundation.Python.3.13_qbz5n2kfra8p0\LocalCache\local-packages\Python313\site-packages\pip\_vendor\pyproject_hooks\_in_process\_in_process.py", line 118, in get_requires_for_build_wheel
          return hook(config_settings)
        File "C:\Users\nvpke\AppData\Local\Temp\pip-build-env-3xz1rt23\overlay\Lib\site-packages\setuptools\build_meta.py", line 331, in get_requires_for_build_wheel
          return self._get_build_requires(config_settings, requirements=[])
                 ~~~~~~~~~~~~~~~~~~~~~~~~^^^^^^^^^^^^^^^^^^^^^^^^^^^^^^^^^^
        File "C:\Users\nvpke\AppData\Local\Temp\pip-build-env-3xz1rt23\overlay\Lib\site-packages\setuptools\build_meta.py", line 301, in _get_build_requires
          self.run_setup()
          ~~~~~~~~~~~~~~^^
        File "C:\Users\nvpke\AppData\Local\Temp\pip-build-env-3xz1rt23\overlay\Lib\site-packages\setuptools\build_meta.py", line 317, in run_setup
          exec(code, locals())
          ~~~~^^^^^^^^^^^^^^^^
        File "<string>", line 30, in <module>
        File "<string>", line 27, in get_version
      KeyError: '__version__'
      [end of output]

  note: This error originates from a subprocess, and is likely not a problem with pip.
error: subprocess-exited-with-error

× Getting requirements to build wheel did not run successfully.
│ exit code: 1
╰─> See above for output.

note: This error originates from a subprocess, and is likely not a problem with pip.
WARNING: There was an error checking the latest version of pip.

(djangoenv) D:\0Intern\IBM\Django\Project\tfjzl-final-cloud-app-with-database>C:\Users\nvpke\AppData\Local\Microsoft\WindowsApps\python.exe -m pip install -U -r requirements.txt
Defaulting to user installation because normal site-packages is not writeable
Collecting Django==4.2.3 (from -r requirements.txt (line 1))
  Obtaining dependency information for Django==4.2.3 from https://files.pythonhosted.org/packages/d4/83/227ebf197e413f3599cea96dddc7d6b8ff220310cc5b40dd0f1a15e5a9d1/Django-4.2.3-py3-none-any.whl.metadata
  Using cached Django-4.2.3-py3-none-any.whl.metadata (4.1 kB)
Collecting Pillow==9.5.0 (from -r requirements.txt (line 2))
  Downloading Pillow-9.5.0.tar.gz (50.5 MB)
     ━━━━━━━━━━━━━━━━━━━━━━━━━━━━━━━━━━━━━━━━ 50.5/50.5 MB 3.1 MB/s eta 0:00:00
  Installing build dependencies ... done
  Getting requirements to build wheel ... error
  error: subprocess-exited-with-error

  × Getting requirements to build wheel did not run successfully.
  │ exit code: 1
  ╰─> [24 lines of output]
      Traceback (most recent call last):
        File "C:\Users\nvpke\AppData\Local\Packages\PythonSoftwareFoundation.Python.3.13_qbz5n2kfra8p0\LocalCache\local-packages\Python313\site-packages\pip\_vendor\pyproject_hooks\_in_process\_in_process.py", line 353, in <module>
          main()
          ~~~~^^
        File "C:\Users\nvpke\AppData\Local\Packages\PythonSoftwareFoundation.Python.3.13_qbz5n2kfra8p0\LocalCache\local-packages\Python313\site-packages\pip\_vendor\pyproject_hooks\_in_process\_in_process.py", line 335, in main
          json_out['return_val'] = hook(**hook_input['kwargs'])
                                   ~~~~^^^^^^^^^^^^^^^^^^^^^^^^
        File "C:\Users\nvpke\AppData\Local\Packages\PythonSoftwareFoundation.Python.3.13_qbz5n2kfra8p0\LocalCache\local-packages\Python313\site-packages\pip\_vendor\pyproject_hooks\_in_process\_in_process.py", line 118, in get_requires_for_build_wheel
          return hook(config_settings)
        File "C:\Users\nvpke\AppData\Local\Temp\pip-build-env-gibn6ivg\overlay\Lib\site-packages\setuptools\build_meta.py", line 331, in get_requires_for_build_wheel
          return self._get_build_requires(config_settings, requirements=[])
                 ~~~~~~~~~~~~~~~~~~~~~~~~^^^^^^^^^^^^^^^^^^^^^^^^^^^^^^^^^^
        File "C:\Users\nvpke\AppData\Local\Temp\pip-build-env-gibn6ivg\overlay\Lib\site-packages\setuptools\build_meta.py", line 301, in _get_build_requires
          self.run_setup()
          ~~~~~~~~~~~~~~^^
        File "C:\Users\nvpke\AppData\Local\Temp\pip-build-env-gibn6ivg\overlay\Lib\site-packages\setuptools\build_meta.py", line 512, in run_setup
          super().run_setup(setup_script=setup_script)
          ~~~~~~~~~~~~~~~~~^^^^^^^^^^^^^^^^^^^^^^^^^^^
        File "C:\Users\nvpke\AppData\Local\Temp\pip-build-env-gibn6ivg\overlay\Lib\site-packages\setuptools\build_meta.py", line 317, in run_setup
          exec(code, locals())
          ~~~~^^^^^^^^^^^^^^^^
        File "<string>", line 29, in <module>
        File "<string>", line 26, in get_version
      KeyError: '__version__'
      [end of output]

  note: This error originates from a subprocess, and is likely not a problem with pip.
error: subprocess-exited-with-error

× Getting requirements to build wheel did not run successfully.
│ exit code: 1
╰─> See above for output.

note: This error originates from a subprocess, and is likely not a problem with pip.
WARNING: There was an error checking the latest version of pip.

(djangoenv) D:\0Intern\IBM\Django\Project\tfjzl-final-cloud-app-with-database>where python
D:\0Intern\IBM\Django\Project\tfjzl-final-cloud-app-with-database\djangoenv\Scripts\python.exe
C:\Python313\python.exe
C:\Users\nvpke\AppData\Local\Microsoft\WindowsApps\python.exe

(djangoenv) D:\0Intern\IBM\Django\Project\tfjzl-final-cloud-app-with-database>C:\Users\nvpke\AppData\Local\Microsoft\WindowsApps\python3.11.exe -m pip install -U -r requirements.txt
Collecting Django==4.2.3 (from -r requirements.txt (line 1))
  Downloading Django-4.2.3-py3-none-any.whl.metadata (4.1 kB)
Collecting Pillow==9.5.0 (from -r requirements.txt (line 2))
  Downloading Pillow-9.5.0-cp311-cp311-win_amd64.whl.metadata (9.7 kB)
Collecting jinja2==3.0 (from -r requirements.txt (line 3))
  Downloading Jinja2-3.0.0-py3-none-any.whl.metadata (3.5 kB)
Collecting gunicorn==20.1.0 (from -r requirements.txt (line 4))
  Downloading gunicorn-20.1.0-py3-none-any.whl.metadata (3.8 kB)
Collecting contextvars (from -r requirements.txt (line 5))
  Downloading contextvars-2.4.tar.gz (9.6 kB)
  Installing build dependencies ... done
  Getting requirements to build wheel ... done
  Preparing metadata (pyproject.toml) ... done
Collecting typing-extensions==4.2.0 (from -r requirements.txt (line 6))
  Downloading typing_extensions-4.2.0-py3-none-any.whl.metadata (6.2 kB)
Collecting aiohttp==3.8.3 (from -r requirements.txt (line 7))
  Downloading aiohttp-3.8.3-cp311-cp311-win_amd64.whl.metadata (7.4 kB)
Collecting click==8.0.4 (from -r requirements.txt (line 8))
  Downloading click-8.0.4-py3-none-any.whl.metadata (3.2 kB)
Collecting wheel==0.41.1 (from -r requirements.txt (line 9))
  Downloading wheel-0.41.1-py3-none-any.whl.metadata (2.2 kB)
Collecting multidict==4.5 (from -r requirements.txt (line 10))
  Downloading multidict-4.5.0.tar.gz (105 kB)
     ━━━━━━━━━━━━━━━━━━━━━━━━━━━━━━━━━━━━━━━━ 105.9/105.9 kB 609.1 kB/s eta 0:00:00
  Installing build dependencies ... done
  Getting requirements to build wheel ... done
  Preparing metadata (pyproject.toml) ... done
Collecting asgiref<4,>=3.6.0 (from Django==4.2.3->-r requirements.txt (line 1))
  Downloading asgiref-3.8.1-py3-none-any.whl.metadata (9.3 kB)
Collecting sqlparse>=0.3.1 (from Django==4.2.3->-r requirements.txt (line 1))
  Downloading sqlparse-0.5.3-py3-none-any.whl.metadata (3.9 kB)
Collecting tzdata (from Django==4.2.3->-r requirements.txt (line 1))
  Using cached tzdata-2025.2-py2.py3-none-any.whl.metadata (1.4 kB)
Collecting MarkupSafe>=2.0.0rc2 (from jinja2==3.0->-r requirements.txt (line 3))
  Downloading MarkupSafe-3.0.2-cp311-cp311-win_amd64.whl.metadata (4.1 kB)
Requirement already satisfied: setuptools>=3.0 in c:\program files\windowsapps\pythonsoftwarefoundation.python.3.11_3.11.2544.0_x64__qbz5n2kfra8p0\lib\site-packages (from gunicorn==20.1.0->-r requirements.txt (line 4)) (65.5.0)
Collecting attrs>=17.3.0 (from aiohttp==3.8.3->-r requirements.txt (line 7))
  Downloading attrs-25.3.0-py3-none-any.whl.metadata (10 kB)
Collecting charset-normalizer<3.0,>=2.0 (from aiohttp==3.8.3->-r requirements.txt (line 7))
  Downloading charset_normalizer-2.1.1-py3-none-any.whl.metadata (11 kB)
Collecting async-timeout<5.0,>=4.0.0a3 (from aiohttp==3.8.3->-r requirements.txt (line 7))
  Downloading async_timeout-4.0.3-py3-none-any.whl.metadata (4.2 kB)
Collecting yarl<2.0,>=1.0 (from aiohttp==3.8.3->-r requirements.txt (line 7))
  Downloading yarl-1.20.1-cp311-cp311-win_amd64.whl.metadata (76 kB)
     ━━━━━━━━━━━━━━━━━━━━━━━━━━━━━━━━━━━━━━━━ 76.3/76.3 kB 1.4 MB/s eta 0:00:00
Collecting frozenlist>=1.1.1 (from aiohttp==3.8.3->-r requirements.txt (line 7))
  Downloading frozenlist-1.7.0-cp311-cp311-win_amd64.whl.metadata (19 kB)
Collecting aiosignal>=1.1.2 (from aiohttp==3.8.3->-r requirements.txt (line 7))
  Downloading aiosignal-1.3.2-py2.py3-none-any.whl.metadata (3.8 kB)
Collecting colorama (from click==8.0.4->-r requirements.txt (line 8))
  Using cached colorama-0.4.6-py2.py3-none-any.whl.metadata (17 kB)
Collecting immutables>=0.9 (from contextvars->-r requirements.txt (line 5))
  Downloading immutables-0.21-cp311-cp311-win_amd64.whl.metadata (4.7 kB)
Collecting idna>=2.0 (from yarl<2.0,>=1.0->aiohttp==3.8.3->-r requirements.txt (line 7))
  Using cached idna-3.10-py3-none-any.whl.metadata (10 kB)
Collecting propcache>=0.2.1 (from yarl<2.0,>=1.0->aiohttp==3.8.3->-r requirements.txt (line 7))
  Downloading propcache-0.3.2-cp311-cp311-win_amd64.whl.metadata (12 kB)
Downloading Django-4.2.3-py3-none-any.whl (8.0 MB)
   ━━━━━━━━━━━━━━━━━━━━━━━━━━━━━━━━━━━━━━━━ 8.0/8.0 MB 3.4 MB/s eta 0:00:00
Downloading Pillow-9.5.0-cp311-cp311-win_amd64.whl (2.5 MB)
   ━━━━━━━━━━━━━━━━━━━━━━━━━━━━━━━━━━━━━━━━ 2.5/2.5 MB 5.0 MB/s eta 0:00:00
Downloading Jinja2-3.0.0-py3-none-any.whl (133 kB)
   ━━━━━━━━━━━━━━━━━━━━━━━━━━━━━━━━━━━━━━━━ 133.4/133.4 kB 4.0 MB/s eta 0:00:00
Downloading gunicorn-20.1.0-py3-none-any.whl (79 kB)
   ━━━━━━━━━━━━━━━━━━━━━━━━━━━━━━━━━━━━━━━━ 79.5/79.5 kB 2.2 MB/s eta 0:00:00
Downloading typing_extensions-4.2.0-py3-none-any.whl (24 kB)
Downloading aiohttp-3.8.3-cp311-cp311-win_amd64.whl (317 kB)
   ━━━━━━━━━━━━━━━━━━━━━━━━━━━━━━━━━━━━━━━━ 317.1/317.1 kB 4.9 MB/s eta 0:00:00
Downloading click-8.0.4-py3-none-any.whl (97 kB)
   ━━━━━━━━━━━━━━━━━━━━━━━━━━━━━━━━━━━━━━━━ 97.5/97.5 kB 2.8 MB/s eta 0:00:00
Downloading wheel-0.41.1-py3-none-any.whl (64 kB)
   ━━━━━━━━━━━━━━━━━━━━━━━━━━━━━━━━━━━━━━━━ 64.8/64.8 kB 3.4 MB/s eta 0:00:00
Downloading aiosignal-1.3.2-py2.py3-none-any.whl (7.6 kB)
Downloading asgiref-3.8.1-py3-none-any.whl (23 kB)
Downloading async_timeout-4.0.3-py3-none-any.whl (5.7 kB)
Downloading attrs-25.3.0-py3-none-any.whl (63 kB)
   ━━━━━━━━━━━━━━━━━━━━━━━━━━━━━━━━━━━━━━━━ 63.8/63.8 kB 3.6 MB/s eta 0:00:00
Downloading charset_normalizer-2.1.1-py3-none-any.whl (39 kB)
Downloading frozenlist-1.7.0-cp311-cp311-win_amd64.whl (44 kB)
   ━━━━━━━━━━━━━━━━━━━━━━━━━━━━━━━━━━━━━━━━ 44.0/44.0 kB 2.1 MB/s eta 0:00:00
Downloading immutables-0.21-cp311-cp311-win_amd64.whl (34 kB)
Downloading MarkupSafe-3.0.2-cp311-cp311-win_amd64.whl (15 kB)
Downloading sqlparse-0.5.3-py3-none-any.whl (44 kB)
   ━━━━━━━━━━━━━━━━━━━━━━━━━━━━━━━━━━━━━━━━ 44.4/44.4 kB 2.1 MB/s eta 0:00:00
Downloading yarl-1.20.1-cp311-cp311-win_amd64.whl (86 kB)
   ━━━━━━━━━━━━━━━━━━━━━━━━━━━━━━━━━━━━━━━━ 86.7/86.7 kB 980.1 kB/s eta 0:00:00
Using cached colorama-0.4.6-py2.py3-none-any.whl (25 kB)
Using cached tzdata-2025.2-py2.py3-none-any.whl (347 kB)
Using cached idna-3.10-py3-none-any.whl (70 kB)
Downloading propcache-0.3.2-cp311-cp311-win_amd64.whl (41 kB)
   ━━━━━━━━━━━━━━━━━━━━━━━━━━━━━━━━━━━━━━━━ 41.5/41.5 kB 2.1 MB/s eta 0:00:00
Building wheels for collected packages: multidict, contextvars
  Building wheel for multidict (pyproject.toml) ... done
  Created wheel for multidict: filename=multidict-4.5.0-py3-none-any.whl size=90367 sha256=595e2b0fb026c20e89ba5c1adc7733a5635dc158822358e67007d6dd8deb4663
  Stored in directory: c:\users\nvpke\appdata\local\pip\cache\wheels\a7\65\b3\f3d91b79f9a7f1ddb39228b378d5b513cd9e2f7ee13f37b974
  Building wheel for contextvars (pyproject.toml) ... done
  Created wheel for contextvars: filename=contextvars-2.4-py3-none-any.whl size=7767 sha256=192c3a9d2d38616f952d625be459dc441bfd2eedd1a40ac2367486f7949e1f0f
  Stored in directory: c:\users\nvpke\appdata\local\pip\cache\wheels\ac\be\2d\53e551fa3292d0d2dd1cedc99caa249581e175fb8ff735bd76
Successfully built multidict contextvars
Installing collected packages: wheel, tzdata, typing-extensions, sqlparse, propcache, Pillow, multidict, MarkupSafe, immutables, idna, gunicorn, frozenlist, colorama, charset-normalizer, attrs, async-timeout, asgiref, yarl, jinja2, Django, contextvars, click, aiosignal, aiohttp
  WARNING: The script wheel.exe is installed in 'C:\Users\nvpke\AppData\Local\Packages\PythonSoftwareFoundation.Python.3.11_qbz5n2kfra8p0\LocalCache\local-packages\Python311\Scripts' which is not on PATH.
  Consider adding this directory to PATH or, if you prefer to suppress this warning, use --no-warn-script-location.
  WARNING: The script sqlformat.exe is installed in 'C:\Users\nvpke\AppData\Local\Packages\PythonSoftwareFoundation.Python.3.11_qbz5n2kfra8p0\LocalCache\local-packages\Python311\Scripts' which is not on PATH.
  Consider adding this directory to PATH or, if you prefer to suppress this warning, use --no-warn-script-location.
  WARNING: The script gunicorn.exe is installed in 'C:\Users\nvpke\AppData\Local\Packages\PythonSoftwareFoundation.Python.3.11_qbz5n2kfra8p0\LocalCache\local-packages\Python311\Scripts' which is not on PATH.
  Consider adding this directory to PATH or, if you prefer to suppress this warning, use --no-warn-script-location.
  WARNING: The script normalizer.exe is installed in 'C:\Users\nvpke\AppData\Local\Packages\PythonSoftwareFoundation.Python.3.11_qbz5n2kfra8p0\LocalCache\local-packages\Python311\Scripts' which is not on PATH.
  Consider adding this directory to PATH or, if you prefer to suppress this warning, use --no-warn-script-location.
  WARNING: The script django-admin.exe is installed in 'C:\Users\nvpke\AppData\Local\Packages\PythonSoftwareFoundation.Python.3.11_qbz5n2kfra8p0\LocalCache\local-packages\Python311\Scripts' which is not on PATH.
  Consider adding this directory to PATH or, if you prefer to suppress this warning, use --no-warn-script-location.
Successfully installed Django-4.2.3 MarkupSafe-3.0.2 Pillow-9.5.0 aiohttp-3.8.3 aiosignal-1.3.2 asgiref-3.8.1 async-timeout-4.0.3 attrs-25.3.0 charset-normalizer-2.1.1 click-8.0.4 colorama-0.4.6 contextvars-2.4 frozenlist-1.7.0 gunicorn-20.1.0 idna-3.10 immutables-0.21 jinja2-3.0.0 multidict-4.5.0 propcache-0.3.2 sqlparse-0.5.3 typing-extensions-4.2.0 tzdata-2025.2 wheel-0.41.1 yarl-1.20.1

[notice] A new release of pip is available: 24.0 -> 25.1.1
[notice] To update, run: C:\Users\nvpke\AppData\Local\Microsoft\WindowsApps\PythonSoftwareFoundation.Python.3.11_qbz5n2kfra8p0\python.exe -m pip install --upgrade pip

(djangoenv) D:\0Intern\IBM\Django\Project\tfjzl-final-cloud-app-with-database>python3 manage.py makemigrations
System check identified some issues:

WARNINGS:
onlinecourse.Course: (models.W042) Auto-created primary key used when not defining a primary key type, by default 'django.db.models.AutoField'.
        HINT: Configure the DEFAULT_AUTO_FIELD setting or the OnlinecourseConfig.default_auto_field attribute to point to a subclass of AutoField, e.g. 'django.db.models.BigAutoField'.
onlinecourse.Enrollment: (models.W042) Auto-created primary key used when not defining a primary key type, by default 'django.db.models.AutoField'.
        HINT: Configure the DEFAULT_AUTO_FIELD setting or the OnlinecourseConfig.default_auto_field attribute to point to a subclass of AutoField, e.g. 'django.db.models.BigAutoField'.
onlinecourse.Instructor: (models.W042) Auto-created primary key used when not defining a primary key type, by default 'django.db.models.AutoField'.
        HINT: Configure the DEFAULT_AUTO_FIELD setting or the OnlinecourseConfig.default_auto_field attribute to point to a subclass of AutoField, e.g. 'django.db.models.BigAutoField'.
onlinecourse.Learner: (models.W042) Auto-created primary key used when not defining a primary key type, by default 'django.db.models.AutoField'.
        HINT: Configure the DEFAULT_AUTO_FIELD setting or the OnlinecourseConfig.default_auto_field attribute to point to a subclass of AutoField, e.g. 'django.db.models.BigAutoField'.
onlinecourse.Lesson: (models.W042) Auto-created primary key used when not defining a primary key type, by default 'django.db.models.AutoField'.
        HINT: Configure the DEFAULT_AUTO_FIELD setting or the OnlinecourseConfig.default_auto_field attribute to point to a subclass of AutoField, e.g. 'django.db.models.BigAutoField'.
Migrations for 'onlinecourse':
  onlinecourse\migrations\0001_initial.py
    + Create model Course
    + Create model Enrollment
    + Add field users to course
    + Create model Instructor
    + Add field instructors to course
    + Create model Learner
    + Create model Lesson

(djangoenv) D:\0Intern\IBM\Django\Project\tfjzl-final-cloud-app-with-database>python3 manage.py migrate
System check identified some issues:

WARNINGS:
onlinecourse.Course: (models.W042) Auto-created primary key used when not defining a primary key type, by default 'django.db.models.AutoField'.
        HINT: Configure the DEFAULT_AUTO_FIELD setting or the OnlinecourseConfig.default_auto_field attribute to point to a subclass of AutoField, e.g. 'django.db.models.BigAutoField'.
onlinecourse.Enrollment: (models.W042) Auto-created primary key used when not defining a primary key type, by default 'django.db.models.AutoField'.
        HINT: Configure the DEFAULT_AUTO_FIELD setting or the OnlinecourseConfig.default_auto_field attribute to point to a subclass of AutoField, e.g. 'django.db.models.BigAutoField'.
onlinecourse.Instructor: (models.W042) Auto-created primary key used when not defining a primary key type, by default 'django.db.models.AutoField'.
        HINT: Configure the DEFAULT_AUTO_FIELD setting or the OnlinecourseConfig.default_auto_field attribute to point to a subclass of AutoField, e.g. 'django.db.models.BigAutoField'.
onlinecourse.Learner: (models.W042) Auto-created primary key used when not defining a primary key type, by default 'django.db.models.AutoField'.
        HINT: Configure the DEFAULT_AUTO_FIELD setting or the OnlinecourseConfig.default_auto_field attribute to point to a subclass of AutoField, e.g. 'django.db.models.BigAutoField'.
onlinecourse.Lesson: (models.W042) Auto-created primary key used when not defining a primary key type, by default 'django.db.models.AutoField'.
        HINT: Configure the DEFAULT_AUTO_FIELD setting or the OnlinecourseConfig.default_auto_field attribute to point to a subclass of AutoField, e.g. 'django.db.models.BigAutoField'.
Operations to perform:
  Apply all migrations: admin, auth, contenttypes, onlinecourse, sessions
Running migrations:
  Applying contenttypes.0001_initial... OK
  Applying auth.0001_initial... OK
  Applying admin.0001_initial... OK
  Applying admin.0002_logentry_remove_auto_add... OK
  Applying admin.0003_logentry_add_action_flag_choices... OK
  Applying contenttypes.0002_remove_content_type_name... OK
  Applying auth.0002_alter_permission_name_max_length... OK
  Applying auth.0003_alter_user_email_max_length... OK
  Applying auth.0004_alter_user_username_opts... OK
  Applying auth.0005_alter_user_last_login_null... OK
  Applying auth.0006_require_contenttypes_0002... OK
  Applying auth.0007_alter_validators_add_error_messages... OK
  Applying auth.0008_alter_user_username_max_length... OK
  Applying auth.0009_alter_user_last_name_max_length... OK
  Applying auth.0010_alter_group_name_max_length... OK
  Applying auth.0011_update_proxy_permissions... OK
  Applying auth.0012_alter_user_first_name_max_length... OK
  Applying onlinecourse.0001_initial... OK
  Applying sessions.0001_initial... OK

(djangoenv) D:\0Intern\IBM\Django\Project\tfjzl-final-cloud-app-with-database>python3 manage.py runserver
Watching for file changes with StatReloader
Performing system checks...

System check identified some issues:

WARNINGS:
onlinecourse.Course: (models.W042) Auto-created primary key used when not defining a primary key type, by default 'django.db.models.AutoField'.
        HINT: Configure the DEFAULT_AUTO_FIELD setting or the OnlinecourseConfig.default_auto_field attribute to point to a subclass of AutoField, e.g. 'django.db.models.BigAutoField'.
onlinecourse.Enrollment: (models.W042) Auto-created primary key used when not defining a primary key type, by default 'django.db.models.AutoField'.
        HINT: Configure the DEFAULT_AUTO_FIELD setting or the OnlinecourseConfig.default_auto_field attribute to point to a subclass of AutoField, e.g. 'django.db.models.BigAutoField'.
onlinecourse.Instructor: (models.W042) Auto-created primary key used when not defining a primary key type, by default 'django.db.models.AutoField'.
        HINT: Configure the DEFAULT_AUTO_FIELD setting or the OnlinecourseConfig.default_auto_field attribute to point to a subclass of AutoField, e.g. 'django.db.models.BigAutoField'.
onlinecourse.Learner: (models.W042) Auto-created primary key used when not defining a primary key type, by default 'django.db.models.AutoField'.
        HINT: Configure the DEFAULT_AUTO_FIELD setting or the OnlinecourseConfig.default_auto_field attribute to point to a subclass of AutoField, e.g. 'django.db.models.BigAutoField'.
onlinecourse.Lesson: (models.W042) Auto-created primary key used when not defining a primary key type, by default 'django.db.models.AutoField'.
        HINT: Configure the DEFAULT_AUTO_FIELD setting or the OnlinecourseConfig.default_auto_field attribute to point to a subclass of AutoField, e.g. 'django.db.models.BigAutoField'.

System check identified 5 issues (0 silenced).
June 17, 2025 - 09:38:21
Django version 5.2.3, using settings 'myproject.settings'
Starting development server at http://127.0.0.1:8000/
Quit the server with CTRL-BREAK.

WARNING: This is a development server. Do not use it in a production setting. Use a production WSGI or ASGI server instead.
For more information on production servers see: https://docs.djangoproject.com/en/5.2/howto/deployment/
[17/Jun/2025 09:38:43] "GET /onlinecourse HTTP/1.1" 301 0
[17/Jun/2025 09:38:43] "GET /onlinecourse/ HTTP/1.1" 200 1485
Not Found: /favicon.ico
[17/Jun/2025 09:38:43] "GET /favicon.ico HTTP/1.1" 404 2536
D:\0Intern\IBM\Django\Project\tfjzl-final-cloud-app-with-database\onlinecourse\models.py changed, reloading.
Watching for file changes with StatReloader
Performing system checks...

System check identified some issues:

WARNINGS:
onlinecourse.Choice: (models.W042) Auto-created primary key used when not defining a primary key type, by default 'django.db.models.AutoField'.
        HINT: Configure the DEFAULT_AUTO_FIELD setting or the OnlinecourseConfig.default_auto_field attribute to point to a subclass of AutoField, e.g. 'django.db.models.BigAutoField'.
onlinecourse.Course: (models.W042) Auto-created primary key used when not defining a primary key type, by default 'django.db.models.AutoField'.
        HINT: Configure the DEFAULT_AUTO_FIELD setting or the OnlinecourseConfig.default_auto_field attribute to point to a subclass of AutoField, e.g. 'django.db.models.BigAutoField'.
onlinecourse.Enrollment: (models.W042) Auto-created primary key used when not defining a primary key type, by default 'django.db.models.AutoField'.
        HINT: Configure the DEFAULT_AUTO_FIELD setting or the OnlinecourseConfig.default_auto_field attribute to point to a subclass of AutoField, e.g. 'django.db.models.BigAutoField'.
onlinecourse.Instructor: (models.W042) Auto-created primary key used when not defining a primary key type, by default 'django.db.models.AutoField'.
        HINT: Configure the DEFAULT_AUTO_FIELD setting or the OnlinecourseConfig.default_auto_field attribute to point to a subclass of AutoField, e.g. 'django.db.models.BigAutoField'.
onlinecourse.Learner: (models.W042) Auto-created primary key used when not defining a primary key type, by default 'django.db.models.AutoField'.
        HINT: Configure the DEFAULT_AUTO_FIELD setting or the OnlinecourseConfig.default_auto_field attribute to point to a subclass of AutoField, e.g. 'django.db.models.BigAutoField'.
onlinecourse.Lesson: (models.W042) Auto-created primary key used when not defining a primary key type, by default 'django.db.models.AutoField'.
        HINT: Configure the DEFAULT_AUTO_FIELD setting or the OnlinecourseConfig.default_auto_field attribute to point to a subclass of AutoField, e.g. 'django.db.models.BigAutoField'.
onlinecourse.Question: (models.W042) Auto-created primary key used when not defining a primary key type, by default 'django.db.models.AutoField'.
        HINT: Configure the DEFAULT_AUTO_FIELD setting or the OnlinecourseConfig.default_auto_field attribute to point to a subclass of AutoField, e.g. 'django.db.models.BigAutoField'.
onlinecourse.Submission: (models.W042) Auto-created primary key used when not defining a primary key type, by default 'django.db.models.AutoField'.
        HINT: Configure the DEFAULT_AUTO_FIELD setting or the OnlinecourseConfig.default_auto_field attribute to point to a subclass of AutoField, e.g. 'django.db.models.BigAutoField'.

System check identified 8 issues (0 silenced).
June 17, 2025 - 09:50:19
Django version 5.2.3, using settings 'myproject.settings'
Starting development server at http://127.0.0.1:8000/
Quit the server with CTRL-BREAK.

WARNING: This is a development server. Do not use it in a production setting. Use a production WSGI or ASGI server instead.
For more information on production servers see: https://docs.djangoproject.com/en/5.2/howto/deployment/

(djangoenv) D:\0Intern\IBM\Django\Project\tfjzl-final-cloud-app-with-database>python3 manage.py makemigrations
System check identified some issues:

WARNINGS:
onlinecourse.Choice: (models.W042) Auto-created primary key used when not defining a primary key type, by default 'django.db.models.AutoField'.
        HINT: Configure the DEFAULT_AUTO_FIELD setting or the OnlinecourseConfig.default_auto_field attribute to point to a subclass of AutoField, e.g. 'django.db.models.BigAutoField'.
onlinecourse.Course: (models.W042) Auto-created primary key used when not defining a primary key type, by default 'django.db.models.AutoField'.
        HINT: Configure the DEFAULT_AUTO_FIELD setting or the OnlinecourseConfig.default_auto_field attribute to point to a subclass of AutoField, e.g. 'django.db.models.BigAutoField'.
onlinecourse.Enrollment: (models.W042) Auto-created primary key used when not defining a primary key type, by default 'django.db.models.AutoField'.
        HINT: Configure the DEFAULT_AUTO_FIELD setting or the OnlinecourseConfig.default_auto_field attribute to point to a subclass of AutoField, e.g. 'django.db.models.BigAutoField'.
onlinecourse.Instructor: (models.W042) Auto-created primary key used when not defining a primary key type, by default 'django.db.models.AutoField'.
        HINT: Configure the DEFAULT_AUTO_FIELD setting or the OnlinecourseConfig.default_auto_field attribute to point to a subclass of AutoField, e.g. 'django.db.models.BigAutoField'.
onlinecourse.Learner: (models.W042) Auto-created primary key used when not defining a primary key type, by default 'django.db.models.AutoField'.
        HINT: Configure the DEFAULT_AUTO_FIELD setting or the OnlinecourseConfig.default_auto_field attribute to point to a subclass of AutoField, e.g. 'django.db.models.BigAutoField'.
onlinecourse.Lesson: (models.W042) Auto-created primary key used when not defining a primary key type, by default 'django.db.models.AutoField'.
        HINT: Configure the DEFAULT_AUTO_FIELD setting or the OnlinecourseConfig.default_auto_field attribute to point to a subclass of AutoField, e.g. 'django.db.models.BigAutoField'.
onlinecourse.Question: (models.W042) Auto-created primary key used when not defining a primary key type, by default 'django.db.models.AutoField'.
        HINT: Configure the DEFAULT_AUTO_FIELD setting or the OnlinecourseConfig.default_auto_field attribute to point to a subclass of AutoField, e.g. 'django.db.models.BigAutoField'.
onlinecourse.Submission: (models.W042) Auto-created primary key used when not defining a primary key type, by default 'django.db.models.AutoField'.
        HINT: Configure the DEFAULT_AUTO_FIELD setting or the OnlinecourseConfig.default_auto_field attribute to point to a subclass of AutoField, e.g. 'django.db.models.BigAutoField'.
Migrations for 'onlinecourse':
  onlinecourse\migrations\0002_question_choice_submission.py
    + Create model Question
    + Create model Choice
    + Create model Submission

(djangoenv) D:\0Intern\IBM\Django\Project\tfjzl-final-cloud-app-with-database>python3 manage.py migrate
System check identified some issues:

WARNINGS:
onlinecourse.Choice: (models.W042) Auto-created primary key used when not defining a primary key type, by default 'django.db.models.AutoField'.
        HINT: Configure the DEFAULT_AUTO_FIELD setting or the OnlinecourseConfig.default_auto_field attribute to point to a subclass of AutoField, e.g. 'django.db.models.BigAutoField'.
onlinecourse.Course: (models.W042) Auto-created primary key used when not defining a primary key type, by default 'django.db.models.AutoField'.
        HINT: Configure the DEFAULT_AUTO_FIELD setting or the OnlinecourseConfig.default_auto_field attribute to point to a subclass of AutoField, e.g. 'django.db.models.BigAutoField'.
onlinecourse.Enrollment: (models.W042) Auto-created primary key used when not defining a primary key type, by default 'django.db.models.AutoField'.
        HINT: Configure the DEFAULT_AUTO_FIELD setting or the OnlinecourseConfig.default_auto_field attribute to point to a subclass of AutoField, e.g. 'django.db.models.BigAutoField'.
onlinecourse.Instructor: (models.W042) Auto-created primary key used when not defining a primary key type, by default 'django.db.models.AutoField'.
        HINT: Configure the DEFAULT_AUTO_FIELD setting or the OnlinecourseConfig.default_auto_field attribute to point to a subclass of AutoField, e.g. 'django.db.models.BigAutoField'.
onlinecourse.Learner: (models.W042) Auto-created primary key used when not defining a primary key type, by default 'django.db.models.AutoField'.
        HINT: Configure the DEFAULT_AUTO_FIELD setting or the OnlinecourseConfig.default_auto_field attribute to point to a subclass of AutoField, e.g. 'django.db.models.BigAutoField'.
onlinecourse.Lesson: (models.W042) Auto-created primary key used when not defining a primary key type, by default 'django.db.models.AutoField'.
        HINT: Configure the DEFAULT_AUTO_FIELD setting or the OnlinecourseConfig.default_auto_field attribute to point to a subclass of AutoField, e.g. 'django.db.models.BigAutoField'.
onlinecourse.Question: (models.W042) Auto-created primary key used when not defining a primary key type, by default 'django.db.models.AutoField'.
        HINT: Configure the DEFAULT_AUTO_FIELD setting or the OnlinecourseConfig.default_auto_field attribute to point to a subclass of AutoField, e.g. 'django.db.models.BigAutoField'.
onlinecourse.Submission: (models.W042) Auto-created primary key used when not defining a primary key type, by default 'django.db.models.AutoField'.
        HINT: Configure the DEFAULT_AUTO_FIELD setting or the OnlinecourseConfig.default_auto_field attribute to point to a subclass of AutoField, e.g. 'django.db.models.BigAutoField'.
Operations to perform:
  Apply all migrations: admin, auth, contenttypes, onlinecourse, sessions
Running migrations:
  Applying onlinecourse.0002_question_choice_submission... OK

(djangoenv) D:\0Intern\IBM\Django\Project\tfjzl-final-cloud-app-with-database>python3 manage.py makemigrations
System check identified some issues:

WARNINGS:
onlinecourse.Choice: (models.W042) Auto-created primary key used when not defining a primary key type, by default 'django.db.models.AutoField'.
        HINT: Configure the DEFAULT_AUTO_FIELD setting or the OnlinecourseConfig.default_auto_field attribute to point to a subclass of AutoField, e.g. 'django.db.models.BigAutoField'.
onlinecourse.Course: (models.W042) Auto-created primary key used when not defining a primary key type, by default 'django.db.models.AutoField'.
        HINT: Configure the DEFAULT_AUTO_FIELD setting or the OnlinecourseConfig.default_auto_field attribute to point to a subclass of AutoField, e.g. 'django.db.models.BigAutoField'.
onlinecourse.Enrollment: (models.W042) Auto-created primary key used when not defining a primary key type, by default 'django.db.models.AutoField'.
        HINT: Configure the DEFAULT_AUTO_FIELD setting or the OnlinecourseConfig.default_auto_field attribute to point to a subclass of AutoField, e.g. 'django.db.models.BigAutoField'.
onlinecourse.Instructor: (models.W042) Auto-created primary key used when not defining a primary key type, by default 'django.db.models.AutoField'.
        HINT: Configure the DEFAULT_AUTO_FIELD setting or the OnlinecourseConfig.default_auto_field attribute to point to a subclass of AutoField, e.g. 'django.db.models.BigAutoField'.
onlinecourse.Learner: (models.W042) Auto-created primary key used when not defining a primary key type, by default 'django.db.models.AutoField'.
        HINT: Configure the DEFAULT_AUTO_FIELD setting or the OnlinecourseConfig.default_auto_field attribute to point to a subclass of AutoField, e.g. 'django.db.models.BigAutoField'.
onlinecourse.Lesson: (models.W042) Auto-created primary key used when not defining a primary key type, by default 'django.db.models.AutoField'.
        HINT: Configure the DEFAULT_AUTO_FIELD setting or the OnlinecourseConfig.default_auto_field attribute to point to a subclass of AutoField, e.g. 'django.db.models.BigAutoField'.
onlinecourse.Question: (models.W042) Auto-created primary key used when not defining a primary key type, by default 'django.db.models.AutoField'.
        HINT: Configure the DEFAULT_AUTO_FIELD setting or the OnlinecourseConfig.default_auto_field attribute to point to a subclass of AutoField, e.g. 'django.db.models.BigAutoField'.
onlinecourse.Submission: (models.W042) Auto-created primary key used when not defining a primary key type, by default 'django.db.models.AutoField'.
        HINT: Configure the DEFAULT_AUTO_FIELD setting or the OnlinecourseConfig.default_auto_field attribute to point to a subclass of AutoField, e.g. 'django.db.models.BigAutoField'.
No changes detected

(djangoenv) D:\0Intern\IBM\Django\Project\tfjzl-final-cloud-app-with-database>python3 manage.py migrate
System check identified some issues:

WARNINGS:
onlinecourse.Choice: (models.W042) Auto-created primary key used when not defining a primary key type, by default 'django.db.models.AutoField'.
        HINT: Configure the DEFAULT_AUTO_FIELD setting or the OnlinecourseConfig.default_auto_field attribute to point to a subclass of AutoField, e.g. 'django.db.models.BigAutoField'.
onlinecourse.Course: (models.W042) Auto-created primary key used when not defining a primary key type, by default 'django.db.models.AutoField'.
        HINT: Configure the DEFAULT_AUTO_FIELD setting or the OnlinecourseConfig.default_auto_field attribute to point to a subclass of AutoField, e.g. 'django.db.models.BigAutoField'.
onlinecourse.Enrollment: (models.W042) Auto-created primary key used when not defining a primary key type, by default 'django.db.models.AutoField'.
        HINT: Configure the DEFAULT_AUTO_FIELD setting or the OnlinecourseConfig.default_auto_field attribute to point to a subclass of AutoField, e.g. 'django.db.models.BigAutoField'.
onlinecourse.Instructor: (models.W042) Auto-created primary key used when not defining a primary key type, by default 'django.db.models.AutoField'.
        HINT: Configure the DEFAULT_AUTO_FIELD setting or the OnlinecourseConfig.default_auto_field attribute to point to a subclass of AutoField, e.g. 'django.db.models.BigAutoField'.
onlinecourse.Learner: (models.W042) Auto-created primary key used when not defining a primary key type, by default 'django.db.models.AutoField'.
        HINT: Configure the DEFAULT_AUTO_FIELD setting or the OnlinecourseConfig.default_auto_field attribute to point to a subclass of AutoField, e.g. 'django.db.models.BigAutoField'.
onlinecourse.Lesson: (models.W042) Auto-created primary key used when not defining a primary key type, by default 'django.db.models.AutoField'.
        HINT: Configure the DEFAULT_AUTO_FIELD setting or the OnlinecourseConfig.default_auto_field attribute to point to a subclass of AutoField, e.g. 'django.db.models.BigAutoField'.
onlinecourse.Question: (models.W042) Auto-created primary key used when not defining a primary key type, by default 'django.db.models.AutoField'.
        HINT: Configure the DEFAULT_AUTO_FIELD setting or the OnlinecourseConfig.default_auto_field attribute to point to a subclass of AutoField, e.g. 'django.db.models.BigAutoField'.
onlinecourse.Submission: (models.W042) Auto-created primary key used when not defining a primary key type, by default 'django.db.models.AutoField'.
        HINT: Configure the DEFAULT_AUTO_FIELD setting or the OnlinecourseConfig.default_auto_field attribute to point to a subclass of AutoField, e.g. 'django.db.models.BigAutoField'.
Operations to perform:
  Apply all migrations: admin, auth, contenttypes, onlinecourse, sessions
Running migrations:
  No migrations to apply.

(djangoenv) D:\0Intern\IBM\Django\Project\tfjzl-final-cloud-app-with-database>python3 manage.py createsuperuser
System check identified some issues:

WARNINGS:
onlinecourse.Choice: (models.W042) Auto-created primary key used when not defining a primary key type, by default 'django.db.models.AutoField'.
        HINT: Configure the DEFAULT_AUTO_FIELD setting or the OnlinecourseConfig.default_auto_field attribute to point to a subclass of AutoField, e.g. 'django.db.models.BigAutoField'.
onlinecourse.Course: (models.W042) Auto-created primary key used when not defining a primary key type, by default 'django.db.models.AutoField'.
        HINT: Configure the DEFAULT_AUTO_FIELD setting or the OnlinecourseConfig.default_auto_field attribute to point to a subclass of AutoField, e.g. 'django.db.models.BigAutoField'.
onlinecourse.Enrollment: (models.W042) Auto-created primary key used when not defining a primary key type, by default 'django.db.models.AutoField'.
        HINT: Configure the DEFAULT_AUTO_FIELD setting or the OnlinecourseConfig.default_auto_field attribute to point to a subclass of AutoField, e.g. 'django.db.models.BigAutoField'.
onlinecourse.Instructor: (models.W042) Auto-created primary key used when not defining a primary key type, by default 'django.db.models.AutoField'.
        HINT: Configure the DEFAULT_AUTO_FIELD setting or the OnlinecourseConfig.default_auto_field attribute to point to a subclass of AutoField, e.g. 'django.db.models.BigAutoField'.
onlinecourse.Learner: (models.W042) Auto-created primary key used when not defining a primary key type, by default 'django.db.models.AutoField'.
        HINT: Configure the DEFAULT_AUTO_FIELD setting or the OnlinecourseConfig.default_auto_field attribute to point to a subclass of AutoField, e.g. 'django.db.models.BigAutoField'.
onlinecourse.Lesson: (models.W042) Auto-created primary key used when not defining a primary key type, by default 'django.db.models.AutoField'.
        HINT: Configure the DEFAULT_AUTO_FIELD setting or the OnlinecourseConfig.default_auto_field attribute to point to a subclass of AutoField, e.g. 'django.db.models.BigAutoField'.
onlinecourse.Question: (models.W042) Auto-created primary key used when not defining a primary key type, by default 'django.db.models.AutoField'.
        HINT: Configure the DEFAULT_AUTO_FIELD setting or the OnlinecourseConfig.default_auto_field attribute to point to a subclass of AutoField, e.g. 'django.db.models.BigAutoField'.
onlinecourse.Submission: (models.W042) Auto-created primary key used when not defining a primary key type, by default 'django.db.models.AutoField'.
        HINT: Configure the DEFAULT_AUTO_FIELD setting or the OnlinecourseConfig.default_auto_field attribute to point to a subclass of AutoField, e.g. 'django.db.models.BigAutoField'.
Username (leave blank to use 'karthikeya'): admin
Email address:
Password:
Password (again):
Superuser created successfully.

(djangoenv) D:\0Intern\IBM\Django\Project\tfjzl-final-cloud-app-with-database>python3 manage.py runserver
Watching for file changes with StatReloader
Performing system checks...

System check identified some issues:

WARNINGS:
onlinecourse.Choice: (models.W042) Auto-created primary key used when not defining a primary key type, by default 'django.db.models.AutoField'.
        HINT: Configure the DEFAULT_AUTO_FIELD setting or the OnlinecourseConfig.default_auto_field attribute to point to a subclass of AutoField, e.g. 'django.db.models.BigAutoField'.
onlinecourse.Course: (models.W042) Auto-created primary key used when not defining a primary key type, by default 'django.db.models.AutoField'.
        HINT: Configure the DEFAULT_AUTO_FIELD setting or the OnlinecourseConfig.default_auto_field attribute to point to a subclass of AutoField, e.g. 'django.db.models.BigAutoField'.
onlinecourse.Enrollment: (models.W042) Auto-created primary key used when not defining a primary key type, by default 'django.db.models.AutoField'.
        HINT: Configure the DEFAULT_AUTO_FIELD setting or the OnlinecourseConfig.default_auto_field attribute to point to a subclass of AutoField, e.g. 'django.db.models.BigAutoField'.
onlinecourse.Instructor: (models.W042) Auto-created primary key used when not defining a primary key type, by default 'django.db.models.AutoField'.
        HINT: Configure the DEFAULT_AUTO_FIELD setting or the OnlinecourseConfig.default_auto_field attribute to point to a subclass of AutoField, e.g. 'django.db.models.BigAutoField'.
onlinecourse.Learner: (models.W042) Auto-created primary key used when not defining a primary key type, by default 'django.db.models.AutoField'.
        HINT: Configure the DEFAULT_AUTO_FIELD setting or the OnlinecourseConfig.default_auto_field attribute to point to a subclass of AutoField, e.g. 'django.db.models.BigAutoField'.
onlinecourse.Lesson: (models.W042) Auto-created primary key used when not defining a primary key type, by default 'django.db.models.AutoField'.
        HINT: Configure the DEFAULT_AUTO_FIELD setting or the OnlinecourseConfig.default_auto_field attribute to point to a subclass of AutoField, e.g. 'django.db.models.BigAutoField'.
onlinecourse.Question: (models.W042) Auto-created primary key used when not defining a primary key type, by default 'django.db.models.AutoField'.
        HINT: Configure the DEFAULT_AUTO_FIELD setting or the OnlinecourseConfig.default_auto_field attribute to point to a subclass of AutoField, e.g. 'django.db.models.BigAutoField'.
onlinecourse.Submission: (models.W042) Auto-created primary key used when not defining a primary key type, by default 'django.db.models.AutoField'.
        HINT: Configure the DEFAULT_AUTO_FIELD setting or the OnlinecourseConfig.default_auto_field attribute to point to a subclass of AutoField, e.g. 'django.db.models.BigAutoField'.

System check identified 8 issues (0 silenced).
June 17, 2025 - 10:01:03
Django version 5.2.3, using settings 'myproject.settings'
Starting development server at http://127.0.0.1:8000/
Quit the server with CTRL-BREAK.

WARNING: This is a development server. Do not use it in a production setting. Use a production WSGI or ASGI server instead.
For more information on production servers see: https://docs.djangoproject.com/en/5.2/howto/deployment/
[17/Jun/2025 10:01:07] "GET /onlinecourse/ HTTP/1.1" 200 1485
[17/Jun/2025 10:01:08] "GET /onlinecourse/ HTTP/1.1" 200 1485
[17/Jun/2025 10:01:11] "GET /onlinecourse/ HTTP/1.1" 200 1485
[17/Jun/2025 10:01:28] "GET /admin/ HTTP/1.1" 302 0
[17/Jun/2025 10:01:29] "GET /admin/login/?next=/admin/ HTTP/1.1" 200 4173
[17/Jun/2025 10:01:30] "GET /static/admin/css/dark_mode.css HTTP/1.1" 200 2808
[17/Jun/2025 10:01:30] "GET /static/admin/css/base.css HTTP/1.1" 200 22120
[17/Jun/2025 10:01:30] "GET /static/admin/css/login.css HTTP/1.1" 200 951
[17/Jun/2025 10:01:30] "GET /static/admin/js/theme.js HTTP/1.1" 200 1653
[17/Jun/2025 10:01:30] "GET /static/admin/js/nav_sidebar.js HTTP/1.1" 200 3063
[17/Jun/2025 10:01:30] "GET /static/admin/css/responsive.css HTTP/1.1" 200 16565
[17/Jun/2025 10:01:30] "GET /static/admin/css/nav_sidebar.css HTTP/1.1" 200 2810
[17/Jun/2025 10:02:08] "POST /admin/login/?next=/admin/ HTTP/1.1" 302 0
[17/Jun/2025 10:02:08] "GET /admin/ HTTP/1.1" 200 11044
[17/Jun/2025 10:02:08] "GET /static/admin/css/dashboard.css HTTP/1.1" 200 441
[17/Jun/2025 10:02:08] "GET /static/admin/img/icon-addlink.svg HTTP/1.1" 200 331
[17/Jun/2025 10:02:08] "GET /static/admin/img/icon-changelink.svg HTTP/1.1" 200 380
[17/Jun/2025 10:18:28] "GET /admin/ HTTP/1.1" 200 11044
[17/Jun/2025 10:18:50] "GET /admin/onlinecourse/instructor/add/ HTTP/1.1" 200 14081
[17/Jun/2025 10:18:51] "GET /static/admin/css/forms.css HTTP/1.1" 200 8525
[17/Jun/2025 10:18:51] "GET /static/admin/js/jquery.init.js HTTP/1.1" 200 347
[17/Jun/2025 10:18:51] "GET /static/admin/css/widgets.css HTTP/1.1" 200 11991
[17/Jun/2025 10:18:51] "GET /admin/jsi18n/ HTTP/1.1" 200 3342
[17/Jun/2025 10:18:51] "GET /static/admin/js/core.js HTTP/1.1" 200 6208
[17/Jun/2025 10:18:51] "GET /static/admin/js/admin/RelatedObjectLookups.js HTTP/1.1" 200 9777
[17/Jun/2025 10:18:51] "GET /static/admin/js/actions.js HTTP/1.1" 200 8076
[17/Jun/2025 10:18:51] "GET /static/admin/js/urlify.js HTTP/1.1" 200 7887
[17/Jun/2025 10:18:51] "GET /static/admin/js/prepopulate.js HTTP/1.1" 200 1531
[17/Jun/2025 10:18:51] "GET /static/admin/js/vendor/jquery/jquery.js HTTP/1.1" 200 285314
[17/Jun/2025 10:18:51] "GET /static/admin/js/prepopulate_init.js HTTP/1.1" 200 586
[17/Jun/2025 10:18:51] "GET /static/admin/js/vendor/xregexp/xregexp.js HTTP/1.1" 200 325171
[17/Jun/2025 10:18:51] "GET /static/admin/img/icon-viewlink.svg HTTP/1.1" 200 581
[17/Jun/2025 10:18:51] "GET /static/admin/js/change_form.js HTTP/1.1" 200 606
[17/Jun/2025 10:19:04] "POST /admin/onlinecourse/instructor/add/ HTTP/1.1" 302 0
[17/Jun/2025 10:19:04] "GET /admin/onlinecourse/instructor/ HTTP/1.1" 200 12591
[17/Jun/2025 10:19:04] "GET /static/admin/css/changelists.css HTTP/1.1" 200 6878
[17/Jun/2025 10:19:04] "GET /admin/jsi18n/ HTTP/1.1" 200 3342
[17/Jun/2025 10:19:04] "GET /static/admin/js/filters.js HTTP/1.1" 200 978
[17/Jun/2025 10:19:04] "GET /static/admin/img/icon-yes.svg HTTP/1.1" 200 436
[17/Jun/2025 10:19:04] "GET /static/admin/img/tooltag-add.svg HTTP/1.1" 200 331
[17/Jun/2025 10:19:18] "GET /admin/onlinecourse/course/ HTTP/1.1" 200 12484
[17/Jun/2025 10:19:18] "GET /admin/jsi18n/ HTTP/1.1" 200 3342
[17/Jun/2025 10:19:18] "GET /static/admin/img/search.svg HTTP/1.1" 200 458
[17/Jun/2025 10:20:37] "GET /admin/onlinecourse/course/add/ HTTP/1.1" 200 31302
[17/Jun/2025 10:20:37] "GET /admin/jsi18n/ HTTP/1.1" 200 3342
[17/Jun/2025 10:20:37] "GET /static/admin/js/inlines.js HTTP/1.1" 200 15628
[17/Jun/2025 10:20:37] "GET /static/admin/js/admin/DateTimeShortcuts.js HTTP/1.1" 200 19319
[17/Jun/2025 10:20:37] "GET /static/admin/js/calendar.js HTTP/1.1" 200 9141
[17/Jun/2025 10:20:37] "GET /static/admin/img/inline-delete.svg HTTP/1.1" 200 537
[17/Jun/2025 10:20:37] "GET /static/admin/img/icon-calendar.svg HTTP/1.1" 200 1086
[17/Jun/2025 10:22:33] "GET /static/admin/img/calendar-icons.svg HTTP/1.1" 200 2455
[17/Jun/2025 10:24:45] "POST /admin/onlinecourse/course/add/ HTTP/1.1" 200 31934
[17/Jun/2025 10:24:45] "GET /admin/jsi18n/ HTTP/1.1" 200 3342
[17/Jun/2025 10:24:52] "POST /admin/onlinecourse/course/add/ HTTP/1.1" 200 31950
[17/Jun/2025 10:24:52] "GET /admin/jsi18n/ HTTP/1.1" 200 3342
[17/Jun/2025 10:25:06] "POST /admin/onlinecourse/course/add/ HTTP/1.1" 302 0
[17/Jun/2025 10:25:06] "GET /admin/onlinecourse/course/ HTTP/1.1" 200 14412
[17/Jun/2025 10:25:06] "GET /admin/jsi18n/ HTTP/1.1" 200 3342
[17/Jun/2025 10:25:08] "GET /admin/onlinecourse/question/ HTTP/1.1" 200 11075
[17/Jun/2025 10:25:08] "GET /admin/jsi18n/ HTTP/1.1" 200 3342
[17/Jun/2025 10:25:10] "GET /admin/onlinecourse/question/add/ HTTP/1.1" 200 20212
[17/Jun/2025 10:25:10] "GET /admin/jsi18n/ HTTP/1.1" 200 3342
[17/Jun/2025 10:26:08] "POST /admin/onlinecourse/question/add/ HTTP/1.1" 302 0
[17/Jun/2025 10:26:08] "GET /admin/onlinecourse/question/ HTTP/1.1" 200 12655
[17/Jun/2025 10:26:08] "GET /admin/jsi18n/ HTTP/1.1" 200 3342
D:\0Intern\IBM\Django\Project\tfjzl-final-cloud-app-with-database\onlinecourse\views.py changed, reloading.
Watching for file changes with StatReloader
Performing system checks...

System check identified some issues:

WARNINGS:
onlinecourse.Choice: (models.W042) Auto-created primary key used when not defining a primary key type, by default 'django.db.models.AutoField'.
        HINT: Configure the DEFAULT_AUTO_FIELD setting or the OnlinecourseConfig.default_auto_field attribute to point to a subclass of AutoField, e.g. 'django.db.models.BigAutoField'.
onlinecourse.Course: (models.W042) Auto-created primary key used when not defining a primary key type, by default 'django.db.models.AutoField'.
        HINT: Configure the DEFAULT_AUTO_FIELD setting or the OnlinecourseConfig.default_auto_field attribute to point to a subclass of AutoField, e.g. 'django.db.models.BigAutoField'.
onlinecourse.Enrollment: (models.W042) Auto-created primary key used when not defining a primary key type, by default 'django.db.models.AutoField'.
        HINT: Configure the DEFAULT_AUTO_FIELD setting or the OnlinecourseConfig.default_auto_field attribute to point to a subclass of AutoField, e.g. 'django.db.models.BigAutoField'.
onlinecourse.Instructor: (models.W042) Auto-created primary key used when not defining a primary key type, by default 'django.db.models.AutoField'.
        HINT: Configure the DEFAULT_AUTO_FIELD setting or the OnlinecourseConfig.default_auto_field attribute to point to a subclass of AutoField, e.g. 'django.db.models.BigAutoField'.
onlinecourse.Learner: (models.W042) Auto-created primary key used when not defining a primary key type, by default 'django.db.models.AutoField'.
        HINT: Configure the DEFAULT_AUTO_FIELD setting or the OnlinecourseConfig.default_auto_field attribute to point to a subclass of AutoField, e.g. 'django.db.models.BigAutoField'.
onlinecourse.Lesson: (models.W042) Auto-created primary key used when not defining a primary key type, by default 'django.db.models.AutoField'.
        HINT: Configure the DEFAULT_AUTO_FIELD setting or the OnlinecourseConfig.default_auto_field attribute to point to a subclass of AutoField, e.g. 'django.db.models.BigAutoField'.
onlinecourse.Question: (models.W042) Auto-created primary key used when not defining a primary key type, by default 'django.db.models.AutoField'.
        HINT: Configure the DEFAULT_AUTO_FIELD setting or the OnlinecourseConfig.default_auto_field attribute to point to a subclass of AutoField, e.g. 'django.db.models.BigAutoField'.
onlinecourse.Submission: (models.W042) Auto-created primary key used when not defining a primary key type, by default 'django.db.models.AutoField'.
        HINT: Configure the DEFAULT_AUTO_FIELD setting or the OnlinecourseConfig.default_auto_field attribute to point to a subclass of AutoField, e.g. 'django.db.models.BigAutoField'.

System check identified 8 issues (0 silenced).
June 17, 2025 - 10:29:46
Django version 5.2.3, using settings 'myproject.settings'
Starting development server at http://127.0.0.1:8000/
Quit the server with CTRL-BREAK.

WARNING: This is a development server. Do not use it in a production setting. Use a production WSGI or ASGI server instead.
For more information on production servers see: https://docs.djangoproject.com/en/5.2/howto/deployment/
D:\0Intern\IBM\Django\Project\tfjzl-final-cloud-app-with-database\onlinecourse\urls.py changed, reloading.
Watching for file changes with StatReloader
Performing system checks...

System check identified some issues:

WARNINGS:
onlinecourse.Choice: (models.W042) Auto-created primary key used when not defining a primary key type, by default 'django.db.models.AutoField'.
        HINT: Configure the DEFAULT_AUTO_FIELD setting or the OnlinecourseConfig.default_auto_field attribute to point to a subclass of AutoField, e.g. 'django.db.models.BigAutoField'.
onlinecourse.Course: (models.W042) Auto-created primary key used when not defining a primary key type, by default 'django.db.models.AutoField'.
        HINT: Configure the DEFAULT_AUTO_FIELD setting or the OnlinecourseConfig.default_auto_field attribute to point to a subclass of AutoField, e.g. 'django.db.models.BigAutoField'.
onlinecourse.Enrollment: (models.W042) Auto-created primary key used when not defining a primary key type, by default 'django.db.models.AutoField'.
        HINT: Configure the DEFAULT_AUTO_FIELD setting or the OnlinecourseConfig.default_auto_field attribute to point to a subclass of AutoField, e.g. 'django.db.models.BigAutoField'.
onlinecourse.Instructor: (models.W042) Auto-created primary key used when not defining a primary key type, by default 'django.db.models.AutoField'.
        HINT: Configure the DEFAULT_AUTO_FIELD setting or the OnlinecourseConfig.default_auto_field attribute to point to a subclass of AutoField, e.g. 'django.db.models.BigAutoField'.
onlinecourse.Learner: (models.W042) Auto-created primary key used when not defining a primary key type, by default 'django.db.models.AutoField'.
        HINT: Configure the DEFAULT_AUTO_FIELD setting or the OnlinecourseConfig.default_auto_field attribute to point to a subclass of AutoField, e.g. 'django.db.models.BigAutoField'.
onlinecourse.Lesson: (models.W042) Auto-created primary key used when not defining a primary key type, by default 'django.db.models.AutoField'.
        HINT: Configure the DEFAULT_AUTO_FIELD setting or the OnlinecourseConfig.default_auto_field attribute to point to a subclass of AutoField, e.g. 'django.db.models.BigAutoField'.
onlinecourse.Question: (models.W042) Auto-created primary key used when not defining a primary key type, by default 'django.db.models.AutoField'.
        HINT: Configure the DEFAULT_AUTO_FIELD setting or the OnlinecourseConfig.default_auto_field attribute to point to a subclass of AutoField, e.g. 'django.db.models.BigAutoField'.
onlinecourse.Submission: (models.W042) Auto-created primary key used when not defining a primary key type, by default 'django.db.models.AutoField'.
        HINT: Configure the DEFAULT_AUTO_FIELD setting or the OnlinecourseConfig.default_auto_field attribute to point to a subclass of AutoField, e.g. 'django.db.models.BigAutoField'.

System check identified 8 issues (0 silenced).
June 17, 2025 - 10:31:27
Django version 5.2.3, using settings 'myproject.settings'
Starting development server at http://127.0.0.1:8000/
Quit the server with CTRL-BREAK.

WARNING: This is a development server. Do not use it in a production setting. Use a production WSGI or ASGI server instead.
For more information on production servers see: https://docs.djangoproject.com/en/5.2/howto/deployment/
[17/Jun/2025 10:41:13] "GET /admin/onlinecourse/question/1/change/ HTTP/1.1" 200 24306
[17/Jun/2025 10:41:13] "GET /admin/jsi18n/ HTTP/1.1" 200 3342
[17/Jun/2025 10:41:17] "POST /admin/onlinecourse/question/1/change/ HTTP/1.1" 302 0
[17/Jun/2025 10:41:17] "GET /admin/onlinecourse/question/ HTTP/1.1" 200 12657
[17/Jun/2025 10:41:17] "GET /admin/jsi18n/ HTTP/1.1" 200 3342
[17/Jun/2025 10:41:29] "POST /admin/logout/ HTTP/1.1" 200 3568
[17/Jun/2025 10:41:42] "GET /onlinecourse/ HTTP/1.1" 200 2658
[17/Jun/2025 10:41:42] "GET /media//course_images/question.png HTTP/1.1" 200 18350
[17/Jun/2025 10:41:45] "POST /onlinecourse/1/enroll/ HTTP/1.1" 302 0
[17/Jun/2025 10:41:45] "GET /onlinecourse/1/ HTTP/1.1" 200 2441
[17/Jun/2025 10:42:10] "POST /onlinecourse/login/ HTTP/1.1" 302 0
[17/Jun/2025 10:42:10] "GET /onlinecourse/ HTTP/1.1" 200 2056
[17/Jun/2025 10:42:14] "POST /onlinecourse/1/enroll/ HTTP/1.1" 302 0
[17/Jun/2025 10:42:14] "GET /onlinecourse/1/ HTTP/1.1" 200 3128
[17/Jun/2025 10:42:24] "POST /onlinecourse/1/submit/ HTTP/1.1" 302 0
[17/Jun/2025 10:42:24] "GET /onlinecourse/course/1/submission/1/result/ HTTP/1.1" 200 1480
[17/Jun/2025 10:43:09] "GET /onlinecourse/logout/ HTTP/1.1" 302 0
[17/Jun/2025 10:43:09] "GET /onlinecourse/ HTTP/1.1" 200 2658